files/76.csv
id,week,center_id,meal_id,checkout_price,base_price,emailer_for_promotion,homepage_featured,num_orders
1440380,1,76,1727,445.23,446.23,0,0,271
1443112,2,76,1727,447.23,446.23,0,0,177
1434832,3,76,1727,445.23,447.23,0,0,366
1281131,4,76,1727,447.23,445.23,0,0,163
1276234,5,76,1727,249.32,447.23,0,1,1972
1010764,6,76,1727,234.74,445.23,0,1,1106
1424465,7,76,1727,446.23,446.23,0,0,202
1264269,8,76,1727,445.23,447.23,0,0,229
1070479,9,76,1727,445.23,447.23,0,0,242
1372833,10,76,1727,445.23,446.23,0,0,283
1281404,11,76,1727,447.23,445.23,0,0,230
1154506,12,76,1727,425.86,424.86,0,0,296
1491525,13,76,1727,443.29,444.29,0,0,230
1461358,14,76,1727,447.23,446.23,0,0,311
1064763,15,76,1727,447.23,445.23,0,0,325
1353363,16,76,1727,445.23,445.23,0,0,204
1450647,17,76,1727,446.23,447.23,0,0,404
1444802,18,76,1727,421.98,422.98,0,0,242
1111029,19,76,1727,426.83,426.83,0,0,310
1001115,20,76,1727,445.23,446.23,0,0,270
1104011,21,76,1727,432.65,433.65,0,0,433
1165376,22,76,1727,447.23,447.23,0,0,431
1262521,23,76,1727,421.95,423.95,0,0,257
1119246,24,76,1727,446.23,446.23,0,0,378
1498146,25,76,1727,250.32,446.23,1,0,1620
1362726,26,76,1727,248.38,445.23,1,0,1472
1352584,27,76,1727,438.44,439.44,0,0,392
1322350,28,76,1727,446.23,446.23,0,0,229
1089039,29,76,1727,446.23,446.23,0,0,204
1228749,30,76,1727,447.23,445.23,0,0,190
1315135,31,76,1727,420.04,419.04,0,0,230
1257660,32,76,1727,422.98,422.98,0,0,244
1024875,33,76,1727,435.56,435.56,0,0,190
1059146,34,76,1727,447.23,447.23,0,0,204
1062157,35,76,1727,445.23,445.23,0,0,55
1234633,36,76,1727,445.23,447.23,0,0,203
1487811,37,76,1727,447.23,446.23,0,0,136
1078027,38,76,1727,446.23,447.23,0,0,310
1133432,39,76,1727,446.23,445.23,0,0,230
1053133,40,76,1727,446.23,447.23,0,0,150
1144178,41,76,1727,445.23,446.23,0,0,163
1336702,42,76,1727,445.23,445.23,0,0,188
1261205,43,76,1727,424.92,423.92,0,0,270
1141433,44,76,1727,446.23,446.23,0,0,244
1023233,45,76,1727,446.23,445.23,0,0,244
1022497,46,76,1727,446.23,447.23,0,0,217
1284417,47,76,1727,447.23,445.23,0,0,81
1451542,48,76,1727,445.23,447.23,0,0,242
1475120,49,76,1727,446.23,445.23,0,0,325
1385934,50,76,1727,445.23,445.23,0,0,298
1037304,51,76,1727,447.23,446.23,0,0,177
1046559,52,76,1727,446.23,445.23,0,0,404
1233328,53,76,1727,446.23,445.23,0,0,216
1448731,54,76,1727,446.23,446.23,0,0,82
1473218,55,76,1727,445.23,446.23,0,0,203
1451752,56,76,1727,445.23,445.23,0,0,258
1261768,57,76,1727,447.23,445.23,0,0,231
1146159,58,76,1727,257.08,447.23,1,1,689
1365180,59,76,1727,267.72,446.23,1,0,352
1077322,60,76,1727,428.74,430.74,0,0,311
1364357,61,76,1727,447.23,447.23,0,0,256
1183476,62,76,1727,447.23,447.23,0,0,80
1449683,63,76,1727,445.23,446.23,0,0,190
1357946,64,76,1727,440.44,439.44,0,0,81
1139266,65,76,1727,445.23,447.23,0,0,271
1054313,66,76,1727,447.23,445.23,0,0,243
1034852,67,76,1727,445.23,445.23,0,0,243
1280371,68,76,1727,446.23,445.23,0,0,161
1079740,69,76,1727,445.23,447.23,0,0,189
1183651,70,76,1727,445.23,446.23,0,0,202
1182009,71,76,1727,425.89,423.89,0,0,283
1067840,72,76,1727,445.23,446.23,0,0,203
1448812,73,76,1727,447.23,446.23,0,0,149
1129346,74,76,1727,446.23,445.23,0,0,204
1007518,75,76,1727,447.23,447.23,0,0,189
1319199,76,76,1727,446.23,445.23,0,0,136
1478661,77,76,1727,242.53,445.23,1,0,1486
1498143,78,76,1727,242.53,447.23,1,0,1297
1085913,79,76,1727,404.55,445.23,1,0,258
1200450,80,76,1727,445.23,446.23,0,0,242
1381598,81,76,1727,445.23,445.23,0,0,284
1168540,82,76,1727,445.23,446.23,0,0,189
1224006,83,76,1727,240.56,445.23,1,0,1324
1484702,84,76,1727,320.16,447.23,0,1,229
1250481,85,76,1727,360.9,446.23,0,1,215
1484699,86,76,1727,333.71,445.23,0,1,391
1482731,87,76,1727,338.53,446.23,0,0,352
1377237,88,76,1727,340.53,447.23,0,0,271
1422593,89,76,1727,447.23,445.23,0,0,150
1425540,90,76,1727,445.23,447.23,0,0,229
1292599,91,76,1727,445.23,445.23,0,0,269
1462882,92,76,1727,446.23,447.23,0,0,243
1337437,93,76,1727,446.23,446.23,0,0,163
1079478,94,76,1727,445.23,445.23,0,0,310
1191781,95,76,1727,446.23,447.23,0,0,366
1261007,96,76,1727,447.23,445.23,0,0,215
1216775,97,76,1727,447.23,446.23,0,0,55
1037736,98,76,1727,445.23,447.23,0,0,216
1452557,99,76,1727,445.23,447.23,0,0,177
1202450,100,76,1727,446.23,445.23,0,0,269
1096607,101,76,1727,446.23,445.23,0,0,216
1083203,102,76,1727,447.23,445.23,0,0,176
1395082,103,76,1727,447.23,445.23,0,0,135
1433587,104,76,1727,445.23,446.23,0,0,310
1288212,105,76,1727,446.23,446.23,0,0,296
1087377,106,76,1727,447.23,446.23,0,0,177
1395166,107,76,1727,447.23,446.23,0,0,217
1091943,108,76,1727,446.23,447.23,0,0,175
1377143,109,76,1727,445.23,446.23,0,0,243
1082480,110,76,1727,446.23,446.23,0,0,163
1435352,111,76,1727,247.35,447.23,1,1,918
1447901,112,76,1727,252.23,447.23,1,1,811
1317241,113,76,1727,466.63,466.63,0,0,55
1009908,114,76,1727,465.63,466.63,0,0,285
1447982,115,76,1727,464.63,466.63,0,0,257
1109723,116,76,1727,466.63,465.63,0,0,177
1482236,117,76,1727,466.63,465.63,0,0,203
1231932,118,76,1727,466.63,464.63,0,0,257
1042665,119,76,1727,465.63,466.63,0,0,175
1262560,120,76,1727,465.63,465.63,0,0,136
1379084,121,76,1727,464.63,465.63,0,0,215
1327551,122,76,1727,465.63,465.63,0,0,134
1187356,123,76,1727,466.63,466.63,0,0,190
1318941,124,76,1727,466.63,466.63,0,0,188
1487284,125,76,1727,465.63,466.63,0,0,215
1212157,126,76,1727,466.63,464.63,0,0,203
1349110,127,76,1727,466.63,464.63,0,0,175
1414003,128,76,1727,466.63,466.63,0,0,230
1273934,129,76,1727,464.63,466.63,0,0,231
1175931,130,76,1727,465.63,466.63,0,0,418
1456584,131,76,1727,464.63,465.63,0,0,256
1345436,132,76,1727,466.63,465.63,0,0,298
1368413,133,76,1727,464.63,464.63,0,0,284
1069043,134,76,1727,464.63,465.63,0,0,339
1207644,135,76,1727,323.01,465.63,1,1,905
1138478,136,76,1727,319.13,465.63,1,1,783
1275678,137,76,1727,320.13,466.63,0,1,850
1410959,138,76,1727,466.63,466.63,0,0,215
1347285,139,76,1727,466.63,465.63,0,0,258
1427376,140,76,1727,465.63,466.63,0,0,285
1388318,141,76,1727,465.63,464.63,0,0,269
1036105,142,76,1727,466.63,465.63,0,0,229
1477752,143,76,1727,466.63,465.63,0,0,310
1387439,144,76,1727,464.63,464.63,0,0,203
1396809,145,76,1727,466.63,464.63,0,0,107
1217793,1,76,1109,238.68,301.73,1,0,621
1362981,2,76,1109,260.93,301.73,0,0,609
1283941,3,76,1109,310.43,309.43,0,0,377
1417450,4,76,1109,310.43,309.43,0,0,392
1397145,5,76,1109,178.54,310.43,0,0,378
1391622,6,76,1109,67.93,311.43,0,0,690
1375979,7,76,1109,183.33,309.43,0,0,796
1203210,8,76,1109,193.09,310.43,0,0,459
1270210,9,76,1109,206.61,310.43,0,0,621
1282853,10,76,1109,212.43,311.43,0,0,608
1055477,11,76,1109,251.29,249.29,0,0,487
1268401,12,76,1109,258.02,258.02,0,0,485
1279724,13,76,1109,242.56,240.56,0,0,555
1413817,14,76,1109,231.86,232.86,0,0,634
1377062,15,76,1109,224.1,223.1,0,0,487
1228136,16,76,1109,311.43,310.43,0,0,568
1015216,17,76,1109,311.43,311.43,0,0,298
1398473,18,76,1109,196.97,310.43,0,0,473
1460347,19,76,1109,219.22,309.43,1,0,1377
1007786,20,76,1109,195.94,311.43,0,0,703
1446110,21,76,1109,272.57,309.43,0,0,474
1326904,22,76,1109,244.44,311.43,0,0,581
1338219,23,76,1109,275.48,311.43,0,0,364
1159319,24,76,1109,301.73,301.73,0,0,824
1203328,25,76,1109,253.2,301.73,0,0,366
1021182,26,76,1109,272.57,274.57,0,0,337
1420838,27,76,1109,224.1,273.57,0,0,485
1415449,28,76,1109,252.2,252.2,0,0,513
1080104,29,76,1109,304.64,303.64,0,0,582
1425785,30,76,1109,245.47,302.64,0,0,796
1167428,31,76,1109,175.57,303.64,0,0,663
1112300,32,76,1109,173.69,303.64,0,0,528
1399844,33,76,1109,222.19,303.64,0,0,405
1048278,34,76,1109,259.99,303.64,0,0,418
1387356,35,76,1109,303.64,302.64,0,0,203
1163879,36,76,1109,277.48,276.48,0,0,391
1061946,37,76,1109,287.12,288.12,0,0,270
1066392,38,76,1109,274.51,275.51,0,0,485
1067011,39,76,1109,294.94,292.94,0,0,485
1331233,40,76,1109,253.2,294.94,0,0,325
1157717,41,76,1109,224.1,293.94,1,0,662
1046440,42,76,1109,321.13,319.13,0,0,364
1434803,43,76,1109,311.4,310.4,0,0,512
1316886,44,76,1109,245.44,311.4,0,0,459
1442629,45,76,1109,269.72,312.4,0,0,836
1196573,46,76,1109,213.4,310.4,1,1,1093
1001689,47,76,1109,227.01,310.4,0,0,595
1212435,48,76,1109,251.23,311.4,0,0,446
1389124,49,76,1109,261.93,310.4,0,0,446
1274177,50,76,1109,298.76,298.76,0,0,432
1043165,51,76,1109,306.58,306.58,0,0,296
1111580,52,76,1109,267.72,304.58,0,0,418
1212553,53,76,1109,298.82,298.82,0,0,567
1062875,54,76,1109,270.69,268.69,0,0,175
1216445,55,76,1109,258.05,270.69,1,0,690
1192714,56,76,1109,321.13,320.13,0,0,324
1426371,57,76,1109,244.44,319.13,0,0,459
1456069,58,76,1109,161.05,320.13,0,0,784
1027722,59,76,1109,168.84,319.13,0,0,621
1000973,60,76,1109,178.48,321.13,0,0,460
1430293,61,76,1109,241.53,321.13,0,0,499
1162186,62,76,1109,234.74,319.13,0,0,202
1405018,63,76,1109,300.76,298.76,0,0,419
1162408,64,76,1109,262.9,298.76,0,0,379
1278635,65,76,1109,265.84,299.76,0,0,621
1370086,66,76,1109,291.03,292.03,0,0,445
1375964,67,76,1109,241.53,290.03,0,0,554
1370508,68,76,1109,299.76,300.76,0,0,431
1318157,69,76,1109,291.06,289.06,0,0,432
1021404,70,76,1109,239.59,291.06,0,0,324
1375853,71,76,1109,204.73,290.06,0,0,392
1256844,72,76,1109,179.48,290.06,0,0,352
1490307,73,76,1109,285.18,287.18,0,0,378
1025326,74,76,1109,286.18,287.18,0,0,350
1209022,75,76,1109,298.82,296.82,0,0,339
1167351,76,76,1109,284.21,284.21,0,0,499
1253636,77,76,1109,286.21,286.21,0,0,339
1225944,78,76,1109,292.94,294.94,0,0,257
1086414,79,76,1109,277.48,277.48,0,0,622
1130402,80,76,1109,299.73,301.73,0,0,351
1479510,81,76,1109,310.43,311.43,0,0,296
1278616,82,76,1109,310.43,310.43,0,0,405
1391724,83,76,1109,267.72,311.43,0,0,486
1490990,84,76,1109,181.39,309.43,0,0,392
1023134,85,76,1109,228.92,311.43,0,0,310
1280249,86,76,1109,231.83,311.43,0,0,324
1279457,87,76,1109,295.85,296.85,0,0,337
1289797,88,76,1109,257.08,295.85,0,0,312
1284100,89,76,1109,295.88,294.88,0,0,581
1198041,90,76,1109,294.94,293.94,0,0,514
1063788,91,76,1109,290.09,289.09,0,0,391
1348617,92,76,1109,277.42,277.42,0,0,379
1274822,93,76,1109,297.82,296.82,0,0,337
1314550,94,76,1109,298.76,300.76,0,0,405
1291888,95,76,1109,291.03,300.76,1,1,1594
1308208,96,76,1109,309.43,310.43,0,0,406
1165807,97,76,1109,247.35,309.43,0,0,121
1097246,98,76,1109,228.98,309.43,1,1,1769
1256822,99,76,1109,225.1,310.43,1,1,863
1113478,100,76,1109,241.53,311.43,0,0,432
1396962,101,76,1109,310.43,309.43,0,0,204
1158369,102,76,1109,260.02,310.43,0,0,162
1233120,103,76,1109,291.97,293.97,0,0,243
1360358,104,76,1109,277.45,278.45,0,0,379
1481060,105,76,1109,275.48,277.48,0,0,486
1101124,106,76,1109,232.86,276.48,1,0,877
1160031,107,76,1109,243.53,277.48,1,0,769
1006853,108,76,1109,307.49,307.49,0,0,431
1046147,109,76,1109,277.42,278.42,0,0,392
1290609,110,76,1109,231.89,278.42,0,0,472
1029078,111,76,1109,255.11,256.11,0,0,229
1129285,112,76,1109,169.75,256.11,0,0,269
1188879,113,76,1109,261.93,262.93,0,0,296
1247405,114,76,1109,283.27,284.27,0,0,474
1401530,115,76,1109,310.46,308.46,0,0,486
1237102,116,76,1109,294.94,292.94,0,0,365
1495840,117,76,1109,273.54,275.54,0,0,284
1122528,118,76,1109,308.49,308.49,0,0,377
1448409,119,76,1109,261.96,309.49,1,1,1052
1438543,120,76,1109,272.63,307.49,1,1,648
1216951,121,76,1109,317.19,319.19,0,0,432
1417758,122,76,1109,251.26,318.19,0,0,501
1039683,123,76,1109,203.73,317.19,0,0,540
1170105,124,76,1109,211.52,319.19,0,0,419
1440650,125,76,1109,279.36,317.19,0,0,419
1377749,126,76,1109,276.51,319.19,0,0,472
1000179,127,76,1109,266.75,317.19,0,0,393
1213245,128,76,1109,300.76,298.76,0,0,377
1342573,129,76,1109,290.06,290.06,0,0,418
1245754,130,76,1109,229.95,289.06,1,1,1473
1192845,131,76,1109,234.77,290.06,1,1,1066
1466204,132,76,1109,257.11,291.06,0,0,634
1293083,133,76,1109,310.43,310.43,0,0,472
1245245,134,76,1109,311.43,309.43,0,0,755
1042854,135,76,1109,211.49,310.43,0,0,337
1182367,136,76,1109,191.12,311.43,0,0,420
1051977,137,76,1109,264.81,309.43,0,0,377
1466738,138,76,1109,292.97,292.97,0,0,580
1019212,139,76,1109,294.91,295.91,0,0,553
1232315,140,76,1109,295.88,295.88,0,0,582
1030326,141,76,1109,298.79,299.79,0,0,350
1402685,142,76,1109,311.43,310.43,0,0,406
1129445,143,76,1109,309.43,309.43,0,0,622
1138072,144,76,1109,270.69,310.43,0,0,512
1455482,145,76,1109,281.33,280.33,0,0,432
1316739,1,76,2577,282.33,280.33,0,0,54
1440561,2,76,2577,282.33,280.33,0,0,94
1427033,3,76,2577,243.5,281.33,0,0,53
1244833,4,76,2577,244.5,280.33,0,0,148
1019494,5,76,2577,243.53,281.33,0,0,95
1097529,6,76,2577,241.53,282.33,0,0,149
1362560,7,76,2577,243.53,281.33,0,0,202
1051555,8,76,2577,241.53,282.33,0,0,134
1009172,9,76,2577,241.53,241.53,0,0,175
1280928,10,76,2577,281.33,282.33,0,0,94
1154877,11,76,2577,281.33,282.33,0,0,149
1024930,12,76,2577,280.33,282.33,0,0,94
1267615,13,76,2577,282.33,282.33,0,0,122
1396825,14,76,2577,280.33,281.33,0,0,109
1245677,15,76,2577,282.33,280.33,0,0,82
1212105,16,76,2577,280.33,282.33,0,0,150
1446575,17,76,2577,282.33,281.33,0,0,161
1383121,18,76,2577,282.33,280.33,0,0,175
1228239,19,76,2577,280.33,281.33,0,1,243
1430900,20,76,2577,281.33,280.33,0,1,134
1306830,21,76,2577,282.33,282.33,0,1,150
1263823,22,76,2577,282.33,280.33,0,1,108
1210228,23,76,2577,280.33,281.33,0,0,107
1036039,24,76,2577,282.33,280.33,0,0,176
1325260,25,76,2577,280.33,280.33,0,0,204
1268293,26,76,2577,280.33,281.33,0,0,123
1068893,27,76,2577,280.33,281.33,0,0,123
1449930,28,76,2577,280.33,281.33,0,1,203
1061714,29,76,2577,280.33,281.33,0,0,121
1256994,30,76,2577,281.33,281.33,0,0,107
1390200,31,76,2577,280.33,281.33,0,0,162
1340386,32,76,2577,282.33,282.33,0,0,54
1376326,33,76,2577,281.33,282.33,0,0,53
1341085,34,76,2577,280.33,281.33,0,0,121
1086545,35,76,2577,281.33,280.33,0,0,54
1169130,36,76,2577,280.33,280.33,0,0,68
1121741,37,76,2577,282.33,280.33,0,0,40
1013863,39,76,2577,282.33,281.33,0,0,81
1100580,40,76,2577,281.33,280.33,0,0,81
1187324,41,76,2577,281.33,281.33,0,0,81
1432067,42,76,2577,280.33,282.33,0,0,69
1183364,43,76,2577,282.33,281.33,0,0,175
1117091,44,76,2577,281.33,282.33,0,0,54
1021114,45,76,2577,282.33,281.33,0,0,67
1036210,46,76,2577,280.33,282.33,0,0,27
1121386,47,76,2577,280.33,281.33,0,0,94
1106915,48,76,2577,280.33,280.33,0,0,67
1400750,49,76,2577,281.33,281.33,0,0,28
1092740,50,76,2577,282.33,280.33,0,0,13
1427488,51,76,2577,282.33,281.33,0,0,54
1105484,52,76,2577,281.33,282.33,0,0,82
1429530,53,76,2577,281.33,280.33,0,0,67
1238886,54,76,2577,282.33,280.33,0,0,42
1210339,55,76,2577,282.33,281.33,0,0,28
1403894,56,76,2577,282.33,281.33,0,0,27
1209397,58,76,2577,290.03,291.03,0,0,42
1011428,59,76,2577,291.03,292.03,0,0,54
1439276,60,76,2577,291.03,290.03,0,0,53
1102674,61,76,2577,291.03,292.03,0,0,54
1341123,62,76,2577,292.03,292.03,0,0,27
1089707,63,76,2577,291.03,290.03,0,0,81
1305980,64,76,2577,291.03,292.03,0,0,55
1244950,65,76,2577,291.03,292.03,0,0,13
1308927,66,76,2577,291.03,292.03,0,0,40
1290667,67,76,2577,291.03,291.03,0,0,107
1435315,68,76,2577,290.03,290.03,0,0,121
1072812,69,76,2577,291.03,292.03,0,0,82
1319402,70,76,2577,291.03,290.03,0,0,96
1123718,71,76,2577,292.03,291.03,0,0,54
1053846,72,76,2577,290.03,290.03,0,0,135
1247309,73,76,2577,291.03,291.03,0,0,135
1425003,74,76,2577,290.03,291.03,0,0,148
1150583,75,76,2577,290.03,291.03,0,0,53
1343372,76,76,2577,290.03,292.03,0,0,80
1296551,77,76,2577,291.03,290.03,0,0,81
1312451,78,76,2577,290.03,292.03,0,0,42
1390404,79,76,2577,292.03,291.03,0,0,15
1450740,80,76,2577,291.03,290.03,0,1,40
1390797,81,76,2577,290.03,291.03,0,0,94
1202704,82,76,2577,292.03,290.03,0,1,95
1286605,83,76,2577,291.03,291.03,0,1,162
1381751,84,76,2577,290.03,291.03,0,1,96
1214922,85,76,2577,194.03,292.03,1,1,123
1024382,86,76,2577,193.03,292.03,1,1,109
1313409,87,76,2577,195.03,291.03,1,1,122
1148137,88,76,2577,283.3,290.03,1,1,134
1421613,89,76,2577,291.03,291.03,0,1,108
1118603,90,76,2577,292.03,291.03,0,0,53
1384515,91,76,2577,290.03,291.03,0,0,81
1412514,92,76,2577,292.03,291.03,0,0,107
1431527,93,76,2577,292.03,290.03,0,1,109
1039518,94,76,2577,292.03,292.03,0,0,188
1032810,95,76,2577,291.03,291.03,0,1,135
1429772,96,76,2577,292.03,292.03,0,0,54
1209032,97,76,2577,291.03,291.03,0,1,40
1292370,98,76,2577,292.03,290.03,0,0,55
1019811,99,76,2577,291.03,291.03,0,1,80
1457180,100,76,2577,291.03,292.03,0,1,68
1237029,101,76,2577,291.03,291.03,0,1,82
1424134,102,76,2577,290.03,291.03,0,1,28
1336351,104,76,2577,290.03,291.03,0,1,149
1002276,105,76,2577,292.03,290.03,0,1,108
1265805,106,76,2577,290.03,291.03,0,1,96
1036851,107,76,2577,212.46,291.03,1,0,41
1242077,108,76,2577,212.46,290.03,1,1,53
1206254,109,76,2577,213.46,291.03,1,1,148
1427202,110,76,2577,211.46,292.03,0,1,231
1264567,111,76,2577,292.03,290.03,0,0,41
1434844,112,76,2577,291.03,291.03,0,0,42
1127216,113,76,2577,292.03,291.03,0,0,82
1235331,114,76,2577,290.03,291.03,0,1,108
1216732,115,76,2577,290.03,292.03,0,0,122
1200316,116,76,2577,291.03,291.03,0,1,95
1235742,117,76,2577,291.03,290.03,0,0,161
1411662,118,76,2577,193.03,291.03,1,1,136
1396628,119,76,2577,291.03,290.03,0,1,109
1286493,120,76,2577,291.03,291.03,0,1,54
1103129,121,76,2577,292.03,291.03,0,0,13
1275003,122,76,2577,290.03,292.03,0,0,162
1066296,123,76,2577,243.53,291.03,0,1,202
1380703,124,76,2577,241.53,292.03,0,1,14
1289825,125,76,2577,290.03,290.03,0,1,148
1408534,126,76,2577,290.03,291.03,0,1,107
1356262,127,76,2577,291.03,290.03,0,0,121
1086858,128,76,2577,291.03,291.03,0,1,54
1359832,129,76,2577,291.03,292.03,0,0,82
1443851,130,76,2577,290.03,291.03,0,0,53
1022759,131,76,2577,290.03,291.03,0,0,53
1024153,132,76,2577,321.13,319.13,0,0,67
1145274,133,76,2577,319.13,321.13,0,0,41
1030404,134,76,2577,319.13,320.13,0,0,26
1141560,135,76,2577,319.13,321.13,0,0,15
1285540,136,76,2577,319.13,321.13,0,0,15
1424065,137,76,2577,321.13,320.13,0,0,69
1126078,138,76,2577,319.13,321.13,0,0,41
1421841,139,76,2577,320.13,320.13,0,0,68
1205759,140,76,2577,321.13,320.13,0,0,14
1336792,141,76,2577,321.13,320.13,0,0,68
1445729,142,76,2577,321.13,319.13,0,0,27
1474585,143,76,2577,319.13,320.13,0,0,26
1333725,144,76,2577,320.13,320.13,0,0,54
1164323,145,76,2577,319.13,319.13,0,0,41
