files/76.csv
id,week,center_id,meal_id,checkout_price,base_price,emailer_for_promotion,homepage_featured,num_orders
1228631,1,76,1962,583.03,630.53,1,0,472
1050641,2,76,1962,588.82,631.53,1,1,285
1263876,3,76,1962,611.13,610.13,0,0,190
1238498,4,76,1962,608.25,608.25,0,0,229
1472677,5,76,1962,610.13,612.13,0,0,271
1319416,6,76,1962,610.13,610.13,0,0,216
1285442,7,76,1962,621.77,623.77,0,0,134
1017758,8,76,1962,610.13,612.13,0,0,69
1359980,9,76,1962,583.03,581.03,0,0,109
1369365,10,76,1962,594.64,593.64,0,0,162
1493536,11,76,1962,586.85,588.85,0,0,339
1310601,12,76,1962,532.53,586.85,1,0,149
1007799,13,76,1962,534.53,588.85,1,1,324
1334664,14,76,1962,606.28,606.28,0,0,230
1205471,15,76,1962,611.13,612.13,0,0,109
1292792,16,76,1962,610.13,612.13,0,0,162
1390478,17,76,1962,611.13,612.13,0,0,188
1170760,18,76,1962,617.89,617.89,0,0,216
1145903,19,76,1962,612.13,610.13,0,0,150
1239092,20,76,1962,526.77,611.13,1,0,258
1228499,21,76,1962,515.13,611.13,1,1,190
1388144,22,76,1962,612.13,612.13,0,0,177
1306759,23,76,1962,612.13,612.13,0,0,107
1364352,24,76,1962,610.13,612.13,0,0,107
1318330,25,76,1962,617.89,617.89,0,0,202
1465275,26,76,1962,486.03,617.89,1,0,512
1462718,27,76,1962,486.03,618.89,1,0,541
1313428,28,76,1962,679.03,678.03,0,0,68
1453637,29,76,1962,727.53,728.53,0,0,95
1283407,30,76,1962,727.53,727.53,0,0,107
1093364,31,76,1962,728.53,726.53,0,0,80
1400631,32,76,1962,728.53,726.53,0,0,94
1123508,33,76,1962,727.53,728.53,0,0,69
1476758,34,76,1962,728.53,727.53,0,0,82
1047756,35,76,1962,680.03,678.03,0,0,41
1436921,36,76,1962,678.03,678.03,0,0,54
1218527,37,76,1962,443.35,679.03,1,1,798
1429955,38,76,1962,433.59,680.03,1,0,566
1289537,39,76,1962,446.2,679.03,0,0,526
1461697,40,76,1962,434.59,679.03,0,1,377
1399249,41,76,1962,680.03,679.03,0,0,81
1365040,42,76,1962,680.03,678.03,0,0,96
1165546,43,76,1962,679.03,679.03,0,0,122
1137252,44,76,1962,679.03,680.03,0,0,175
1112772,45,76,1962,496.7,680.03,1,1,485
1049005,46,76,1962,484.03,680.03,0,0,350
1253003,47,76,1962,446.23,678.03,0,0,404
1046289,48,76,1962,678.03,678.03,0,0,148
1498482,49,76,1962,678.03,680.03,0,0,68
1041456,50,76,1962,679.03,680.03,0,0,150
1483290,51,76,1962,679.03,680.03,0,0,123
1022951,52,76,1962,680.03,678.03,0,0,217
1019302,53,76,1962,678.03,680.03,0,0,202
1110330,54,76,1962,679.03,678.03,0,0,96
1496051,55,76,1962,485.03,678.03,1,0,352
1027644,56,76,1962,678.03,678.03,0,0,80
1305602,57,76,1962,679.03,679.03,0,0,230
1058369,58,76,1962,679.03,680.03,0,0,229
1384520,59,76,1962,680.03,678.03,0,0,55
1339161,60,76,1962,678.03,678.03,0,0,81
1206672,61,76,1962,440.44,678.03,1,0,757
1245053,62,76,1962,433.59,679.03,1,1,204
1123962,63,76,1962,434.59,680.03,1,0,784
1379283,64,76,1962,434.59,680.03,1,1,675
1485162,65,76,1962,679.03,679.03,0,0,107
1391961,66,76,1962,680.03,680.03,0,0,122
1078253,67,76,1962,679.03,678.03,0,0,204
1403224,68,76,1962,679.03,680.03,0,0,123
1028989,69,76,1962,680.03,678.03,0,0,107
1420407,70,76,1962,679.03,678.03,0,0,135
1189638,71,76,1962,678.03,680.03,0,0,161
1267007,72,76,1962,680.03,678.03,0,0,68
1057448,73,76,1962,678.03,679.03,0,0,69
1399661,74,76,1962,680.03,679.03,0,0,177
1104199,75,76,1962,488.88,680.03,1,0,512
1481120,76,76,1962,485.03,678.03,1,1,420
1235932,77,76,1962,678.03,680.03,0,0,42
1474740,78,76,1962,679.03,678.03,0,0,53
1493041,79,76,1962,478.27,678.03,1,1,418
1185940,80,76,1962,679.03,680.03,0,0,94
1468784,81,76,1962,679.03,678.03,0,0,149
1245363,82,76,1962,678.03,679.03,0,0,54
1103661,83,76,1962,678.03,679.03,0,0,136
1262994,84,76,1962,492.79,678.03,1,1,337
1050884,85,76,1962,492.82,679.03,1,1,378
1454171,86,76,1962,492.82,680.03,0,0,364
1178598,87,76,1962,485.03,679.03,0,0,271
1123182,88,76,1962,483.12,680.03,0,0,392
1419098,89,76,1962,464.63,679.03,1,1,257
1229227,90,76,1962,479.21,680.03,0,0,215
1378249,91,76,1962,485.03,680.03,0,0,149
1173291,92,76,1962,436.53,679.03,1,1,420
1127083,93,76,1962,441.35,678.03,1,1,568
1183461,94,76,1962,678.03,680.03,0,0,188
1106440,95,76,1962,680.03,680.03,0,0,175
1063853,96,76,1962,680.03,680.03,0,0,163
1266567,97,76,1962,679.03,680.03,0,0,136
1259606,98,76,1962,533.5,678.03,1,0,242
1361330,99,76,1962,533.5,678.03,1,0,177
1440298,100,76,1962,680.03,680.03,0,0,188
1329996,101,76,1962,678.03,680.03,0,0,176
1137550,102,76,1962,678.03,680.03,0,0,123
1311780,103,76,1962,680.03,680.03,0,0,190
1482356,104,76,1962,679.03,679.03,0,0,123
1324783,105,76,1962,679.03,678.03,0,0,161
1234308,106,76,1962,680.03,679.03,0,0,135
1100063,107,76,1962,678.03,678.03,0,0,26
1189787,108,76,1962,486.03,679.03,0,1,582
1406318,109,76,1962,484.03,678.03,1,1,648
1400313,110,76,1962,680.03,679.03,0,0,176
1126778,111,76,1962,698.43,699.43,0,0,67
1436521,112,76,1962,697.43,699.43,0,0,136
1304101,113,76,1962,463.69,697.43,1,1,649
1191365,114,76,1962,464.69,698.43,1,1,647
1355889,115,76,1962,464.69,698.43,1,0,419
1039594,116,76,1962,464.69,698.43,1,1,378
1147679,117,76,1962,699.43,697.43,0,0,135
1249032,118,76,1962,699.43,699.43,0,0,203
1016068,119,76,1962,698.43,699.43,0,0,122
1169497,120,76,1962,699.43,699.43,0,0,54
1012998,121,76,1962,485,698.43,1,1,379
1067082,122,76,1962,670.33,670.33,0,0,136
1342377,123,76,1962,668.33,669.33,0,0,94
1172857,124,76,1962,644.14,642.14,0,0,122
1119141,125,76,1962,639.23,639.23,0,0,150
1348576,126,76,1962,566.51,641.23,1,1,352
1022545,127,76,1962,560.69,639.23,1,0,242
1355905,128,76,1962,619.89,619.89,0,0,148
1297132,129,76,1962,640.23,641.23,0,0,68
1463641,130,76,1962,485.03,641.23,1,0,365
1200004,131,76,1962,485.03,640.23,1,1,283
1229453,132,76,1962,640.23,639.23,0,0,107
1282195,133,76,1962,639.23,641.23,0,0,41
1130399,134,76,1962,548.08,641.23,0,0,121
1116266,135,76,1962,547.08,639.23,1,1,202
1288075,136,76,1962,547.08,641.23,1,1,338
1352660,137,76,1962,549.08,639.23,0,0,175
1333347,138,76,1962,547.08,639.23,0,0,107
1110732,139,76,1962,548.08,640.23,0,0,150
1220347,140,76,1962,549.08,639.23,0,0,229
1493296,141,76,1962,464.69,640.23,1,1,674
1046629,142,76,1962,473.39,641.23,1,1,284
1248003,143,76,1962,548.08,547.08,0,0,96
1349620,144,76,1962,548.08,547.08,0,0,161
1033998,145,76,1962,563.6,564.6,0,0,94
1315834,1,76,2444,627.62,626.62,0,0,40
1359634,2,76,2444,626.62,627.62,0,0,26
1242491,4,76,2444,627.62,628.62,0,0,14
1346291,5,76,2444,486.03,626.62,1,0,244
1344537,6,76,2444,486.03,627.62,0,0,377
1004406,7,76,2444,668.33,670.33,0,0,26
1350939,9,76,2444,435.59,669.33,1,0,540
1088125,10,76,2444,444.29,668.33,1,1,420
1370609,11,76,2444,435.53,668.33,0,0,229
1179932,12,76,2444,620.86,618.86,0,0,26
1454198,13,76,2444,620.86,618.86,0,0,67
1168997,14,76,2444,618.86,619.86,0,0,26
1103900,15,76,2444,619.86,620.86,0,0,26
1359432,16,76,2444,620.86,618.86,0,0,121
1286689,17,76,2444,619.86,619.86,0,0,13
1435914,19,76,2444,620.86,620.86,0,0,27
1337387,23,76,2444,620.86,618.86,0,0,14
1339384,42,76,2444,618.86,618.86,0,0,40
1399205,43,76,2444,619.86,619.86,0,0,27
1298513,44,76,2444,620.86,620.86,0,0,26
1167059,45,76,2444,618.86,618.86,0,0,67
1288846,46,76,2444,619.86,619.86,0,0,69
1103041,47,76,2444,620.86,618.86,0,0,27
1039006,48,76,2444,618.86,618.86,0,0,26
1080496,49,76,2444,619.86,619.86,0,0,107
1274505,50,76,2444,618.86,619.86,0,0,27
1112476,51,76,2444,619.86,619.86,0,0,28
1191766,52,76,2444,387.03,618.86,1,1,769
1232817,53,76,2444,388.03,620.86,1,1,485
1361001,54,76,2444,387.03,619.86,0,0,14
1186319,55,76,2444,620.86,620.86,0,0,26
1436591,57,76,2444,609.19,610.19,0,0,107
1305384,58,76,2444,609.19,608.19,0,0,95
1113009,59,76,2444,610.19,608.19,0,0,28
1433835,60,76,2444,485.03,610.19,1,1,163
1121975,64,76,2444,609.19,610.19,0,0,14
1024848,65,76,2444,486.03,608.19,1,0,81
1400004,66,76,2444,608.19,610.19,0,0,14
1401027,67,76,2444,608.19,608.19,0,0,40
1200764,68,76,2444,608.19,608.19,0,0,14
1188108,69,76,2444,484.03,610.19,1,1,175
1442444,70,76,2444,486.03,608.19,0,1,244
1479129,71,76,2444,612.13,612.13,0,0,28
1224142,72,76,2444,610.13,611.13,0,0,27
1470324,73,76,2444,610.13,612.13,0,0,26
1159020,74,76,2444,612.13,610.13,0,0,40
1254286,75,76,2444,611.13,611.13,0,0,15
1194081,76,76,2444,611.13,612.13,0,0,13
1167104,77,76,2444,563.63,561.63,0,0,40
1320317,78,76,2444,561.63,563.63,0,0,42
1340661,79,76,2444,563.63,561.63,0,0,68
1086956,80,76,2444,562.63,562.63,0,0,81
1087451,81,76,2444,668.33,669.33,0,0,26
1189939,82,76,2444,668.33,670.33,0,0,68
1035263,84,76,2444,670.33,668.33,0,0,14
1299352,85,76,2444,669.33,668.33,0,0,15
1308307,86,76,2444,668.33,670.33,0,0,26
1275859,87,76,2444,670.33,670.33,0,0,13
1397553,88,76,2444,668.33,669.33,0,0,13
1027995,89,76,2444,670.33,668.33,0,0,13
1220721,90,76,2444,435.53,669.33,1,1,40
1299761,91,76,2444,436.53,669.33,1,1,41
1246732,92,76,2444,669.33,669.33,0,0,15
1278446,93,76,2444,668.33,669.33,0,0,15
1279569,94,76,2444,435.56,670.33,1,1,123
1126959,95,76,2444,434.56,668.33,1,1,177
1086074,96,76,2444,669.33,668.33,0,0,13
1304494,97,76,2444,669.33,670.33,0,0,68
1074643,98,76,2444,670.33,668.33,0,0,53
1185458,99,76,2444,670.33,670.33,0,0,54
1427234,100,76,2444,449.17,670.33,0,0,270
1439942,101,76,2444,439.47,669.33,1,1,284
1373614,102,76,2444,668.33,670.33,0,0,27
1005143,104,76,2444,670.33,668.33,0,0,27
1202039,106,76,2444,455.93,668.33,0,1,149
1221645,107,76,2444,456.93,668.33,1,1,94
1265860,108,76,2444,669.33,670.33,0,0,28
1122749,109,76,2444,670.33,669.33,0,0,13
1018081,110,76,2444,669.33,670.33,0,0,55
1079567,111,76,2444,668.33,669.33,0,0,26
1118434,112,76,2444,669.33,669.33,0,0,41
1106521,113,76,2444,669.33,670.33,0,0,26
1365681,114,76,2444,708.13,709.13,0,0,13
1201039,115,76,2444,687.73,689.73,0,0,15
1187490,116,76,2444,689.73,689.73,0,0,27
1199446,118,76,2444,687.73,688.73,0,0,26
1160723,120,76,2444,689.73,689.73,0,0,40
1217161,121,76,2444,688.73,689.73,0,0,42
1020416,122,76,2444,479.24,689.73,1,0,352
1064411,123,76,2444,468.54,687.73,1,1,392
1305008,125,76,2444,689.73,689.73,0,0,27
1137823,126,76,2444,688.73,689.73,0,0,13
1249454,127,76,2444,688.73,689.73,0,0,14
1095040,129,76,2444,718.83,716.83,0,0,14
1188652,131,76,2444,726.53,726.53,0,0,15
1378840,132,76,2444,728.53,726.53,0,0,27
1318271,133,76,2444,484.03,727.53,1,0,216
1288064,134,76,2444,484.03,726.53,1,1,149
1083642,135,76,2444,726.53,727.53,0,0,13
1278538,136,76,2444,728.53,726.53,0,0,15
1265950,137,76,2444,728.53,728.53,0,0,15
1393024,138,76,2444,728.53,726.53,0,0,14
1131104,139,76,2444,726.53,728.53,0,0,13
1387212,140,76,2444,727.53,728.53,0,0,15
1109556,143,76,2444,484.03,728.53,0,0,231
1445459,144,76,2444,485.03,727.53,1,1,134
1430513,1,76,2760,243.53,243.53,0,0,68
1459228,2,76,2760,242.53,241.53,0,0,55
1310258,4,76,2760,241.53,243.53,0,0,108
1178046,5,76,2760,241.53,241.53,0,0,81
1415465,6,76,2760,241.53,242.53,0,0,109
1110576,7,76,2760,242.53,241.53,0,0,82
1443101,8,76,2760,241.53,242.53,0,0,108
1442762,9,76,2760,243.53,243.53,0,0,135
1000010,10,76,2760,243.53,241.53,0,0,108
1223244,11,76,2760,242.53,241.53,0,0,28
1484065,12,76,2760,242.53,242.53,0,0,95
1290554,13,76,2760,241.53,243.53,0,0,150
1170420,14,76,2760,147.5,242.53,0,1,1727
1480108,15,76,2760,194.97,242.53,0,0,647
1098204,16,76,2760,196.97,241.53,0,0,635
1234853,17,76,2760,242.53,242.53,0,0,404
1223883,18,76,2760,243.53,243.53,0,0,136
1098252,19,76,2760,242.53,243.53,0,0,107
1430983,20,76,2760,242.53,242.53,0,0,162
1227362,21,76,2760,243.53,243.53,0,0,271
1487472,22,76,2760,242.53,241.53,0,0,122
1367900,23,76,2760,242.53,243.53,0,0,95
1189650,24,76,2760,242.53,242.53,0,0,122
1467488,25,76,2760,173.63,242.53,0,0,162
1027284,26,76,2760,174.63,243.53,0,0,135
1466437,27,76,2760,175.63,241.53,0,0,175
1257276,28,76,2760,242.53,243.53,0,0,95
1094293,29,76,2760,241.53,243.53,0,0,176
1338650,30,76,2760,242.53,242.53,0,0,80
1382038,31,76,2760,241.53,241.53,0,0,149
1429887,32,76,2760,242.53,242.53,0,0,67
1058192,33,76,2760,241.53,242.53,0,0,67
1257559,34,76,2760,242.53,241.53,0,0,136
1238211,35,76,2760,242.53,241.53,0,0,161
1031652,36,76,2760,242.53,243.53,0,0,203
1344295,38,76,2760,241.53,243.53,0,0,204
1348286,39,76,2760,174.63,241.53,0,0,69
1422836,40,76,2760,173.63,243.53,0,0,203
1073263,41,76,2760,175.63,242.53,0,0,67
1309099,42,76,2760,174.63,242.53,0,0,122
1094129,43,76,2760,242.53,243.53,0,0,41
1125121,44,76,2760,243.53,241.53,0,0,68
1078217,45,76,2760,243.53,243.53,0,0,95
1368135,46,76,2760,195.03,241.53,0,0,216
1135492,47,76,2760,193.03,243.53,0,0,148
1291791,48,76,2760,197.88,242.53,0,0,150
1390533,49,76,2760,243.53,243.53,0,0,109
1363992,50,76,2760,243.53,242.53,0,0,285
1027694,51,76,2760,241.53,242.53,0,0,230
1209336,52,76,2760,241.53,242.53,0,0,26
1019502,53,76,2760,219.25,219.25,0,0,67
1006560,54,76,2760,218.25,220.25,0,0,134
1176156,55,76,2760,220.25,220.25,0,0,107
1207369,56,76,2760,219.25,218.25,0,0,55
1259207,57,76,2760,242.53,241.53,0,0,67
1063298,58,76,2760,242.53,242.53,0,0,148
1380605,59,76,2760,214.43,242.53,0,0,42
1062080,60,76,2760,212.43,241.53,0,0,68
1466859,61,76,2760,214.43,243.53,0,0,95
1264435,62,76,2760,213.43,241.53,0,0,26
1498905,64,76,2760,241.53,241.53,0,0,82
1446119,65,76,2760,241.53,243.53,0,0,69
1404179,66,76,2760,223.13,223.13,0,0,55
1411068,67,76,2760,223.13,222.13,0,0,96
1453244,68,76,2760,223.13,222.13,0,0,107
1200883,69,76,2760,243.53,241.53,0,0,95
1290681,70,76,2760,241.53,241.53,0,0,95
1192518,71,76,2760,243.53,242.53,0,0,109
1251378,72,76,2760,243.53,242.53,0,0,96
1327503,73,76,2760,241.53,241.53,0,0,82
1082905,74,76,2760,243.53,242.53,0,0,53
1013640,75,76,2760,243.53,243.53,0,0,123
1178816,76,76,2760,241.53,242.53,0,0,54
1293916,77,76,2760,214.43,241.53,0,0,28
1017533,78,76,2760,214.43,243.53,0,0,122
1418477,79,76,2760,213.43,241.53,0,0,122
1235809,80,76,2760,212.43,241.53,0,0,81
1285020,81,76,2760,241.53,243.53,0,0,123
1040444,82,76,2760,241.53,242.53,0,0,107
1307988,83,76,2760,243.53,241.53,0,0,107
1409714,84,76,2760,213.43,242.53,0,0,82
1305050,85,76,2760,212.43,243.53,0,0,107
1249781,86,76,2760,241.53,243.53,0,0,80
1075177,87,76,2760,242.53,241.53,0,0,123
1063977,88,76,2760,243.53,241.53,0,0,81
1137598,89,76,2760,241.53,242.53,0,0,96
1009679,90,76,2760,241.53,241.53,0,0,80
1427136,91,76,2760,241.53,242.53,0,0,41
1370259,92,76,2760,241.53,243.53,0,0,121
1422619,93,76,2760,243.53,243.53,0,0,81
1178126,94,76,2760,243.53,243.53,0,0,68
1363319,95,76,2760,243.53,241.53,0,0,80
1328080,96,76,2760,241.53,242.53,0,0,27
1201725,97,76,2760,243.53,243.53,0,0,68
1105121,98,76,2760,241.53,241.53,0,0,15
1099514,99,76,2760,227.04,226.04,0,0,108
1154500,100,76,2760,223.13,223.13,0,0,69
1093396,101,76,2760,224.13,224.13,0,0,121
1092491,102,76,2760,222.13,223.13,0,0,122
1394579,103,76,2760,222.13,223.13,0,0,15
1066479,104,76,2760,223.13,223.13,0,0,109
1048632,105,76,2760,243.53,241.53,0,0,40
1437150,106,76,2760,243.53,242.53,0,0,42
1410934,107,76,2760,242.53,242.53,0,0,81
1456310,108,76,2760,243.53,242.53,0,0,68
1457193,109,76,2760,243.53,243.53,0,0,14
1490281,110,76,2760,242.53,242.53,0,0,27
1277424,111,76,2760,243.53,243.53,0,0,42
1494854,112,76,2760,242.53,242.53,0,0,69
1322365,113,76,2760,243.53,242.53,0,0,14
1147776,114,76,2760,242.53,241.53,0,0,108
1417057,115,76,2760,242.53,242.53,0,0,27
1337008,116,76,2760,242.53,242.53,0,0,68
1407829,117,76,2760,242.53,241.53,0,0,53
1273651,118,76,2760,243.53,243.53,0,0,28
1209591,119,76,2760,198.88,243.53,0,1,150
1361364,120,76,2760,195.97,241.53,0,1,324
1086783,121,76,2760,243.53,242.53,0,0,82
1053115,122,76,2760,242.53,242.53,0,0,41
1406948,123,76,2760,243.53,243.53,0,0,94
1401857,124,76,2760,242.53,243.53,0,0,53
1229621,125,76,2760,243.53,243.53,0,0,42
1435845,126,76,2760,243.53,242.53,0,0,69
1213695,127,76,2760,241.53,241.53,0,0,69
1482388,128,76,2760,195.03,243.53,0,1,135
1285486,129,76,2760,194.03,243.53,0,1,135
1417373,130,76,2760,194.97,242.53,0,1,283
1447133,131,76,2760,234.74,241.53,0,1,190
1211315,132,76,2760,242.53,241.53,0,0,68
1132168,133,76,2760,242.53,243.53,0,0,42
1141030,134,76,2760,242.53,241.53,0,0,163
1071378,136,76,2760,241.53,243.53,0,0,54
1437963,137,76,2760,241.53,241.53,0,0,81
1005819,138,76,2760,243.53,242.53,0,0,42
1251828,139,76,2760,243.53,243.53,0,0,42
1447103,140,76,2760,241.53,242.53,0,0,14
1404633,141,76,2760,242.53,243.53,0,0,82
1288727,142,76,2760,241.53,241.53,0,0,54
1004812,143,76,2760,243.53,243.53,0,0,53
1198304,144,76,2760,161.99,242.53,0,0,96
1014851,145,76,2760,162.99,242.53,0,0,231
